This is pdfTeX, Version 3.141592653-2.6-1.40.27 (MiKTeX 25.4) (preloaded format=pdflatex 2025.8.9)  16 AUG 2025 12:11
entering extended mode
 restricted \write18 enabled.
 file:line:error style messages enabled.
 %&-line parsing enabled.
**"c:/Users/ramir/Documents/Todo PT/latex/PT3.tex"
(c:/Users/ramir/Documents/Todo PT/latex/PT3.tex
LaTeX2e <2025-06-01> patch level 1
L3 programming layer <2025-07-20>
(C:\Users\ramir\AppData\Local\Programs\MiKTeX\tex/latex/base\article.cls
Document Class: article 2025/01/22 v1.4n Standard LaTeX document class
(C:\Users\ramir\AppData\Local\Programs\MiKTeX\tex/latex/base\size12.clo
File: size12.clo 2025/01/22 v1.4n Standard LaTeX file (size option)
)
\c@part=\count275
\c@section=\count276
\c@subsection=\count277
\c@subsubsection=\count278
\c@paragraph=\count279
\c@subparagraph=\count280
\c@figure=\count281
\c@table=\count282
\abovecaptionskip=\skip49
\belowcaptionskip=\skip50
\bibindent=\dimen148
) (C:\Users\ramir\AppData\Local\Programs\MiKTeX\tex/latex/graphics\graphicx.sty
Package: graphicx 2024/12/31 v1.2e Enhanced LaTeX Graphics (DPC,SPQR)
 (C:\Users\ramir\AppData\Local\Programs\MiKTeX\tex/latex/graphics\keyval.sty
Package: keyval 2022/05/29 v1.15 key=value parser (DPC)
\KV@toks@=\toks17
) (C:\Users\ramir\AppData\Local\Programs\MiKTeX\tex/latex/graphics\graphics.sty
Package: graphics 2024/08/06 v1.4g Standard LaTeX Graphics (DPC,SPQR)
 (C:\Users\ramir\AppData\Local\Programs\MiKTeX\tex/latex/graphics\trig.sty
Package: trig 2023/12/02 v1.11 sin cos tan (DPC)
) (C:\Users\ramir\AppData\Local\Programs\MiKTeX\tex/latex/graphics-cfg\graphics.cfg
File: graphics.cfg 2016/06/04 v1.11 sample graphics configuration
)
Package graphics Info: Driver file: pdftex.def on input line 106.
 (C:\Users\ramir\AppData\Local\Programs\MiKTeX\tex/latex/graphics-def\pdftex.def
File: pdftex.def 2024/04/13 v1.2c Graphics/color driver for pdftex
))
\Gin@req@height=\dimen149
\Gin@req@width=\dimen150
) (C:\Users\ramir\AppData\Local\Programs\MiKTeX\tex/generic/babel\babel.sty
Package: babel 2025/08/03 v25.12 The multilingual framework for LuaLaTeX, pdfLaTeX and XeLaTeX
\babel@savecnt=\count283
LaTeX Encoding Info:    Redeclaring text command \ij (encoding OT1) on input line 2045.
LaTeX Encoding Info:    Redeclaring text command \IJ (encoding OT1) on input line 2047.
LaTeX Encoding Info:    Redeclaring text command \ij (encoding T1) on input line 2049.
LaTeX Encoding Info:    Redeclaring text command \IJ (encoding T1) on input line 2050.
LaTeX Encoding Info:    Ignoring declaration for text command \ij (encoding ?) on input line 2051.
LaTeX Encoding Info:    Ignoring declaration for text command \IJ (encoding ?) on input line 2053.
LaTeX Encoding Info:    Ignoring declaration for text command \SS (encoding ?) on input line 2078.
\U@D=\dimen151
\l@unhyphenated=\language79
 (C:\Users\ramir\AppData\Local\Programs\MiKTeX\tex/generic/babel\txtbabel.def)
\bbl@readstream=\read2
\bbl@dirlevel=\count284

*************************************
* Local config file bblopts.cfg used
*
(C:\Users\ramir\AppData\Local\Programs\MiKTeX\tex/latex/arabi\bblopts.cfg
File: bblopts.cfg 2005/09/08 v0.1 add Arabic and Farsi to "declared" options of babel
) (C:\Users\ramir\AppData\Local\Programs\MiKTeX\tex/latex/babel-spanish\spanish.ldf
Language: spanish.ldf 2021/05/27 v5.0q Spanish support from the babel system
 (C:\Users\ramir\AppData\Local\Programs\MiKTeX\tex/generic/babel/locale/es\babel-spanish.tex
Package babel Info: Importing font and identification data for spanish
(babel)             from babel-es.ini. Reported on input line 12.
)
\es@quottoks=\toks18
\es@quotdepth=\count285
Package babel Info: Making " an active character on input line 570.
Package babel Info: Making . an active character on input line 675.
Package babel Info: Making < an active character on input line 722.
Package babel Info: Making > an active character on input line 722.
))
LaTeX Encoding Info:    Redeclaring text command \guillemotleft (encoding OT1) on input line 4.
LaTeX Encoding Info:    Redeclaring text command \guillemotright (encoding OT1) on input line 4.
 (C:\Users\ramir\AppData\Local\Programs\MiKTeX\tex/latex/geometry\geometry.sty
Package: geometry 2020/01/02 v5.9 Page Geometry
 (C:\Users\ramir\AppData\Local\Programs\MiKTeX\tex/generic/iftex\ifvtex.sty
Package: ifvtex 2019/10/25 v1.7 ifvtex legacy package. Use iftex instead.
 (C:\Users\ramir\AppData\Local\Programs\MiKTeX\tex/generic/iftex\iftex.sty
Package: iftex 2024/12/12 v1.0g TeX engine tests
))
\Gm@cnth=\count286
\Gm@cntv=\count287
\c@Gm@tempcnt=\count288
\Gm@bindingoffset=\dimen152
\Gm@wd@mp=\dimen153
\Gm@odd@mp=\dimen154
\Gm@even@mp=\dimen155
\Gm@layoutwidth=\dimen156
\Gm@layoutheight=\dimen157
\Gm@layouthoffset=\dimen158
\Gm@layoutvoffset=\dimen159
\Gm@dimlist=\toks19
 (C:\Users\ramir\AppData\Local\Programs\MiKTeX\tex/latex/geometry\geometry.cfg)) (C:\Users\ramir\AppData\Local\Programs\MiKTeX\tex/latex/base\inputenc.sty
Package: inputenc 2024/02/08 v1.3d Input encoding file
\inpenc@prehook=\toks20
\inpenc@posthook=\toks21
) (C:\Users\ramir\AppData\Local\Programs\MiKTeX\tex/latex/listings\listings.sty
\lst@mode=\count289
\lst@gtempboxa=\box53
\lst@token=\toks22
\lst@length=\count290
\lst@currlwidth=\dimen160
\lst@column=\count291
\lst@pos=\count292
\lst@lostspace=\dimen161
\lst@width=\dimen162
\lst@newlines=\count293
\lst@lineno=\count294
\lst@maxwidth=\dimen163
 (C:\Users\ramir\AppData\Local\Programs\MiKTeX\tex/latex/listings\lstpatch.sty
File: lstpatch.sty 2024/09/23 1.10c (Carsten Heinz)
) (C:\Users\ramir\AppData\Local\Programs\MiKTeX\tex/latex/listings\lstmisc.sty
File: lstmisc.sty 2024/09/23 1.10c (Carsten Heinz)
\c@lstnumber=\count295
\lst@skipnumbers=\count296
\lst@framebox=\box54
) (C:\Users\ramir\AppData\Local\Programs\MiKTeX\tex/latex/listings\listings.cfg
File: listings.cfg 2024/09/23 1.10c listings configuration
))
Package: listings 2024/09/23 1.10c (Carsten Heinz)
 (C:\Users\ramir\AppData\Local\Programs\MiKTeX\tex/latex/xcolor\xcolor.sty
Package: xcolor 2024/09/29 v3.02 LaTeX color extensions (UK)
 (C:\Users\ramir\AppData\Local\Programs\MiKTeX\tex/latex/graphics-cfg\color.cfg
File: color.cfg 2016/01/02 v1.6 sample color configuration
)
Package xcolor Info: Driver file: pdftex.def on input line 274.
 (C:\Users\ramir\AppData\Local\Programs\MiKTeX\tex/latex/graphics\mathcolor.ltx)
Package xcolor Info: Model `cmy' substituted by `cmy0' on input line 1349.
Package xcolor Info: Model `hsb' substituted by `rgb' on input line 1353.
Package xcolor Info: Model `RGB' extended on input line 1365.
Package xcolor Info: Model `HTML' substituted by `rgb' on input line 1367.
Package xcolor Info: Model `Hsb' substituted by `hsb' on input line 1368.
Package xcolor Info: Model `tHsb' substituted by `hsb' on input line 1369.
Package xcolor Info: Model `HSB' substituted by `hsb' on input line 1370.
Package xcolor Info: Model `Gray' substituted by `gray' on input line 1371.
Package xcolor Info: Model `wave' substituted by `hsb' on input line 1372.
) (C:\Users\ramir\AppData\Local\Programs\MiKTeX\tex/latex/wrapfig\wrapfig.sty
\wrapoverhang=\dimen164
\WF@size=\dimen165
\c@WF@wrappedlines=\count297
\WF@box=\box55
\WF@everypar=\toks23
Package: wrapfig 2003/01/31  v 3.6
) (C:\Users\ramir\AppData\Local\Programs\MiKTeX\tex/latex/setspace\setspace.sty
Package: setspace 2022/12/04 v6.7b set line spacing
) (C:\Users\ramir\AppData\Local\Programs\MiKTeX\tex/latex/caption\caption.sty
Package: caption 2023/08/05 v3.6o Customizing captions (AR)
 (C:\Users\ramir\AppData\Local\Programs\MiKTeX\tex/latex/caption\caption3.sty
Package: caption3 2023/07/31 v2.4d caption3 kernel (AR)
\caption@tempdima=\dimen166
\captionmargin=\dimen167
\caption@leftmargin=\dimen168
\caption@rightmargin=\dimen169
\caption@width=\dimen170
\caption@indent=\dimen171
\caption@parindent=\dimen172
\caption@hangindent=\dimen173
Package caption Info: Standard document class detected.
)
\c@caption@flags=\count298
\c@continuedfloat=\count299
Package caption Info: listings package is loaded.
Package caption Info: wrapfig package is loaded.
) (C:\Users\ramir\AppData\Local\Programs\MiKTeX\tex/latex/float\float.sty
Package: float 2001/11/08 v1.3d Float enhancements (AL)
\c@float@type=\count300
\float@exts=\toks24
\float@box=\box56
\@float@everytoks=\toks25
\@floatcapt=\box57
) (C:\Users\ramir\AppData\Local\Programs\MiKTeX\tex/latex/hyperref\hyperref.sty
Package: hyperref 2025-07-12 v7.01o Hypertext links for LaTeX
 (C:\Users\ramir\AppData\Local\Programs\MiKTeX\tex/latex/kvsetkeys\kvsetkeys.sty
Package: kvsetkeys 2022-10-05 v1.19 Key value parser (HO)
) (C:\Users\ramir\AppData\Local\Programs\MiKTeX\tex/generic/kvdefinekeys\kvdefinekeys.sty
Package: kvdefinekeys 2019-12-19 v1.6 Define keys (HO)
) (C:\Users\ramir\AppData\Local\Programs\MiKTeX\tex/generic/pdfescape\pdfescape.sty
Package: pdfescape 2019/12/09 v1.15 Implements pdfTeX's escape features (HO)
 (C:\Users\ramir\AppData\Local\Programs\MiKTeX\tex/generic/ltxcmds\ltxcmds.sty
Package: ltxcmds 2023-12-04 v1.26 LaTeX kernel commands for general use (HO)
) (C:\Users\ramir\AppData\Local\Programs\MiKTeX\tex/generic/pdftexcmds\pdftexcmds.sty
Package: pdftexcmds 2020-06-27 v0.33 Utility functions of pdfTeX for LuaTeX (HO)
 (C:\Users\ramir\AppData\Local\Programs\MiKTeX\tex/generic/infwarerr\infwarerr.sty
Package: infwarerr 2019/12/03 v1.5 Providing info/warning/error messages (HO)
)
Package pdftexcmds Info: \pdf@primitive is available.
Package pdftexcmds Info: \pdf@ifprimitive is available.
Package pdftexcmds Info: \pdfdraftmode found.
)) (C:\Users\ramir\AppData\Local\Programs\MiKTeX\tex/latex/hycolor\hycolor.sty
Package: hycolor 2020-01-27 v1.10 Color options for hyperref/bookmark (HO)
) (C:\Users\ramir\AppData\Local\Programs\MiKTeX\tex/latex/hyperref\nameref.sty
Package: nameref 2025-06-21 v2.57 Cross-referencing by name of section
 (C:\Users\ramir\AppData\Local\Programs\MiKTeX\tex/latex/refcount\refcount.sty
Package: refcount 2019/12/15 v3.6 Data extraction from label references (HO)
) (C:\Users\ramir\AppData\Local\Programs\MiKTeX\tex/generic/gettitlestring\gettitlestring.sty
Package: gettitlestring 2019/12/15 v1.6 Cleanup title references (HO)
 (C:\Users\ramir\AppData\Local\Programs\MiKTeX\tex/latex/kvoptions\kvoptions.sty
Package: kvoptions 2022-06-15 v3.15 Key value format for package options (HO)
))
\c@section@level=\count301
) (C:\Users\ramir\AppData\Local\Programs\MiKTeX\tex/latex/etoolbox\etoolbox.sty
Package: etoolbox 2025/02/11 v2.5l e-TeX tools for LaTeX (JAW)
\etb@tempcnta=\count302
) (C:\Users\ramir\AppData\Local\Programs\MiKTeX\tex/generic/stringenc\stringenc.sty
Package: stringenc 2019/11/29 v1.12 Convert strings between diff. encodings (HO)
)
\@linkdim=\dimen174
\Hy@linkcounter=\count303
\Hy@pagecounter=\count304
 (C:\Users\ramir\AppData\Local\Programs\MiKTeX\tex/latex/hyperref\pd1enc.def
File: pd1enc.def 2025-07-12 v7.01o Hyperref: PDFDocEncoding definition (HO)
Now handling font encoding PD1 ...
... no UTF-8 mapping file for font encoding PD1
) (C:\Users\ramir\AppData\Local\Programs\MiKTeX\tex/generic/intcalc\intcalc.sty
Package: intcalc 2019/12/15 v1.3 Expandable calculations with integers (HO)
)
\Hy@SavedSpaceFactor=\count305
 (C:\Users\ramir\AppData\Local\Programs\MiKTeX\tex/latex/hyperref\puenc.def
File: puenc.def 2025-07-12 v7.01o Hyperref: PDF Unicode definition (HO)
Now handling font encoding PU ...
... no UTF-8 mapping file for font encoding PU
)
Package hyperref Info: Option `colorlinks' set `true' on input line 4066.
Package hyperref Info: Hyper figures OFF on input line 4195.
Package hyperref Info: Link nesting OFF on input line 4200.
Package hyperref Info: Hyper index ON on input line 4203.
Package hyperref Info: Plain pages OFF on input line 4210.
Package hyperref Info: Backreferencing OFF on input line 4215.
Package hyperref Info: Implicit mode ON; LaTeX internals redefined.
Package hyperref Info: Bookmarks ON on input line 4462.
\c@Hy@tempcnt=\count306
 (C:\Users\ramir\AppData\Local\Programs\MiKTeX\tex/latex/url\url.sty
\Urlmuskip=\muskip17
Package: url 2013/09/16  ver 3.4  Verb mode for urls, etc.
)
LaTeX Info: Redefining \url on input line 4801.
\XeTeXLinkMargin=\dimen175
 (C:\Users\ramir\AppData\Local\Programs\MiKTeX\tex/generic/bitset\bitset.sty
Package: bitset 2019/12/09 v1.3 Handle bit-vector datatype (HO)
 (C:\Users\ramir\AppData\Local\Programs\MiKTeX\tex/generic/bigintcalc\bigintcalc.sty
Package: bigintcalc 2019/12/15 v1.5 Expandable calculations on big integers (HO)
))
\Fld@menulength=\count307
\Field@Width=\dimen176
\Fld@charsize=\dimen177
Package hyperref Info: Hyper figures OFF on input line 6078.
Package hyperref Info: Link nesting OFF on input line 6083.
Package hyperref Info: Hyper index ON on input line 6086.
Package hyperref Info: backreferencing OFF on input line 6093.
Package hyperref Info: Link coloring ON on input line 6096.
Package hyperref Info: Link coloring with OCG OFF on input line 6103.
Package hyperref Info: PDF/A mode OFF on input line 6108.
\Hy@abspage=\count308
\c@Item=\count309
\c@Hfootnote=\count310
)
Package hyperref Info: Driver (autodetected): hpdftex.
 (C:\Users\ramir\AppData\Local\Programs\MiKTeX\tex/latex/hyperref\hpdftex.def
File: hpdftex.def 2025-07-12 v7.01o Hyperref driver for pdfTeX
\Fld@listcount=\count311
\c@bookmark@seq@number=\count312
 (C:\Users\ramir\AppData\Local\Programs\MiKTeX\tex/latex/rerunfilecheck\rerunfilecheck.sty
Package: rerunfilecheck 2025-06-21 v1.11 Rerun checks for auxiliary files (HO)
 (C:\Users\ramir\AppData\Local\Programs\MiKTeX\tex/generic/uniquecounter\uniquecounter.sty
Package: uniquecounter 2019/12/15 v1.4 Provide unlimited unique counter (HO)
)
Package uniquecounter Info: New unique counter `rerunfilecheck' on input line 284.
)
\Hy@SectionHShift=\skip51
) (C:\Users\ramir\AppData\Local\Programs\MiKTeX\tex/latex/cite\cite.sty
LaTeX Info: Redefining \cite on input line 302.
LaTeX Info: Redefining \nocite on input line 332.
Package: cite 2015/02/27  v 5.5
) (C:\Users\ramir\AppData\Local\Programs\MiKTeX\tex/latex/l3backend\l3backend-pdftex.def
File: l3backend-pdftex.def 2025-06-09 L3 backend support: PDF output (pdfTeX)
\l__color_backend_stack_int=\count313
) (PT3.aux
LaTeX Info: Redefining \. on input line 11.
LaTeX Info: Redefining \% on input line 11.
Package babel Info: 'spanish' activates 'spanish' shorthands.
(babel)             Reported on input line 11.
)
\openout1 = `PT3.aux'.

LaTeX Font Info:    Checking defaults for OML/cmm/m/it on input line 96.
LaTeX Font Info:    ... okay on input line 96.
LaTeX Font Info:    Checking defaults for OMS/cmsy/m/n on input line 96.
LaTeX Font Info:    ... okay on input line 96.
LaTeX Font Info:    Checking defaults for OT1/cmr/m/n on input line 96.
LaTeX Font Info:    ... okay on input line 96.
LaTeX Font Info:    Checking defaults for T1/cmr/m/n on input line 96.
LaTeX Font Info:    ... okay on input line 96.
LaTeX Font Info:    Checking defaults for TS1/cmr/m/n on input line 96.
LaTeX Font Info:    ... okay on input line 96.
LaTeX Font Info:    Checking defaults for OMX/cmex/m/n on input line 96.
LaTeX Font Info:    ... okay on input line 96.
LaTeX Font Info:    Checking defaults for U/cmr/m/n on input line 96.
LaTeX Font Info:    ... okay on input line 96.
LaTeX Font Info:    Checking defaults for PD1/pdf/m/n on input line 96.
LaTeX Font Info:    ... okay on input line 96.
LaTeX Font Info:    Checking defaults for PU/pdf/m/n on input line 96.
LaTeX Font Info:    ... okay on input line 96.
 (C:\Users\ramir\AppData\Local\Programs\MiKTeX\tex/context/base/mkii\supp-pdf.mkii
[Loading MPS to PDF converter (version 2006.09.02).]
\scratchcounter=\count314
\scratchdimen=\dimen178
\scratchbox=\box58
\nofMPsegments=\count315
\nofMParguments=\count316
\everyMPshowfont=\toks26
\MPscratchCnt=\count317
\MPscratchDim=\dimen179
\MPnumerator=\count318
\makeMPintoPDFobject=\count319
\everyMPtoPDFconversion=\toks27
) (C:\Users\ramir\AppData\Local\Programs\MiKTeX\tex/latex/epstopdf-pkg\epstopdf-base.sty
Package: epstopdf-base 2020-01-24 v2.11 Base part for package epstopdf
Package epstopdf-base Info: Redefining graphics rule for `.eps' on input line 485.
 (C:\Users\ramir\AppData\Local\Programs\MiKTeX\tex/latex/00miktex\epstopdf-sys.cfg
File: epstopdf-sys.cfg 2021/03/18 v2.0 Configuration of epstopdf for MiKTeX
))
LaTeX Info: Redefining \. on input line 96.
LaTeX Info: Redefining \% on input line 96.

*geometry* driver: auto-detecting
*geometry* detected driver: pdftex
*geometry* verbose mode - [ preamble ] result:
* driver: pdftex
* paper: a4paper
* layout: <same size as paper>
* layoutoffset:(h,v)=(0.0pt,0.0pt)
* modes: 
* h-part:(L,W,R)=(72.2698pt, 452.96826pt, 72.2698pt)
* v-part:(T,H,B)=(72.2698pt, 700.50723pt, 72.2698pt)
* \paperwidth=597.50787pt
* \paperheight=845.04684pt
* \textwidth=452.96826pt
* \textheight=700.50723pt
* \oddsidemargin=-0.00018pt
* \evensidemargin=-0.00018pt
* \topmargin=-37.00018pt
* \headheight=12.0pt
* \headsep=25.0pt
* \topskip=12.0pt
* \footskip=30.0pt
* \marginparwidth=35.0pt
* \marginparsep=10.0pt
* \columnsep=10.0pt
* \skip\footins=10.8pt plus 4.0pt minus 2.0pt
* \hoffset=0.0pt
* \voffset=0.0pt
* \mag=1000
* \@twocolumnfalse
* \@twosidefalse
* \@mparswitchfalse
* \@reversemarginfalse
* (1in=72.27pt=25.4mm, 1cm=28.453pt)

\c@lstlisting=\count320
Package caption Info: Begin \AtBeginDocument code.
Package caption Info: float package is loaded.
Package caption Info: hyperref package is loaded.
Package caption Info: End \AtBeginDocument code.
Package hyperref Info: Link coloring ON on input line 96.
(PT3.out) (PT3.out)
\@outlinefile=\write3
\openout3 = `PT3.out'.

<./Logos/uamlog.png, id=251, 602.25pt x 602.25pt>
File: ./Logos/uamlog.png Graphic file (type png)
<use ./Logos/uamlog.png>
Package pdftex.def Info: ./Logos/uamlog.png  used on input line 102.
(pdftex.def)             Requested size: 85.35826pt x 85.35284pt.


[1

{C:/Users/ramir/AppData/Local/MiKTeX/fonts/map/pdftex/pdftex.map} <./Logos/uamlog.png>] (PT3.toc
LaTeX Info: Redefining \. on input line 1.
LaTeX Info: Redefining \% on input line 1.
LaTeX Font Info:    External font `cmex10' loaded for size
(Font)              <12> on input line 3.
LaTeX Font Info:    External font `cmex10' loaded for size
(Font)              <8> on input line 3.
LaTeX Font Info:    External font `cmex10' loaded for size
(Font)              <6> on input line 3.


[2])
\tf@toc=\write4
\openout4 = `PT3.toc'.



[3]
Underfull \hbox (badness 10000) in paragraph at lines 152--153

 []


Underfull \hbox (badness 10000) in paragraph at lines 154--155

 []


Underfull \hbox (badness 10000) in paragraph at lines 156--157

 []


Underfull \hbox (badness 10000) in paragraph at lines 158--159

 []



[4]
LaTeX Font Info:    External font `cmex10' loaded for size
(Font)              <7> on input line 166.
LaTeX Font Info:    External font `cmex10' loaded for size
(Font)              <5> on input line 166.

Underfull \hbox (badness 10000) in paragraph at lines 166--167

 []


Underfull \hbox (badness 10000) in paragraph at lines 168--169

 []


Underfull \hbox (badness 10000) in paragraph at lines 170--171

 []


Underfull \hbox (badness 10000) in paragraph at lines 172--173

 []



[5]
Underfull \hbox (badness 10000) in paragraph at lines 181--182

 []


Underfull \hbox (badness 10000) in paragraph at lines 184--185

 []


Underfull \hbox (badness 10000) in paragraph at lines 186--187

 []


Underfull \hbox (badness 10000) in paragraph at lines 188--189

 []


Underfull \hbox (badness 10000) in paragraph at lines 190--191

 []


Underfull \hbox (badness 10000) in paragraph at lines 192--193

 []


Underfull \hbox (badness 10000) in paragraph at lines 194--195

 []



[6]
Underfull \hbox (badness 10000) in paragraph at lines 199--200

 []


Underfull \hbox (badness 10000) in paragraph at lines 203--204

 []

<./Imagenes/pago1.png, id=354, 484.81125pt x 204.765pt>
File: ./Imagenes/pago1.png Graphic file (type png)
<use ./Imagenes/pago1.png>
Package pdftex.def Info: ./Imagenes/pago1.png  used on input line 207.
(pdftex.def)             Requested size: 317.0764pt x 133.92676pt.


[7 <./Imagenes/pago1.png>]
Underfull \hbox (badness 10000) in paragraph at lines 215--216

 []

<./Imagenes/pago2.png, id=366, 414.04688pt x 608.2725pt>
File: ./Imagenes/pago2.png Graphic file (type png)
<use ./Imagenes/pago2.png>
Package pdftex.def Info: ./Imagenes/pago2.png  used on input line 219.
(pdftex.def)             Requested size: 226.48413pt x 332.73175pt.


[8 <./Imagenes/pago2.png>]
<./Imagenes/recordatorio1.png, id=375, 402.00188pt x 461.47406pt>
File: ./Imagenes/recordatorio1.png Graphic file (type png)
<use ./Imagenes/recordatorio1.png>
Package pdftex.def Info: ./Imagenes/recordatorio1.png  used on input line 235.
(pdftex.def)             Requested size: 271.7837pt x 311.98853pt.
<./Imagenes/recordatorio3.png, id=379, 401.24907pt x 310.91156pt>
File: ./Imagenes/recordatorio3.png Graphic file (type png)
<use ./Imagenes/recordatorio3.png>
Package pdftex.def Info: ./Imagenes/recordatorio3.png  used on input line 244.
(pdftex.def)             Requested size: 271.7837pt x 210.6058pt.


[9 <./Imagenes/recordatorio1.png>]
Underfull \hbox (badness 10000) in paragraph at lines 249--250

 []



[10 <./Imagenes/recordatorio3.png>]
<./Imagenes/recordatorio2.png, id=394, 418.56375pt x 265.74281pt>
File: ./Imagenes/recordatorio2.png Graphic file (type png)
<use ./Imagenes/recordatorio2.png>
Package pdftex.def Info: ./Imagenes/recordatorio2.png  used on input line 256.
(pdftex.def)             Requested size: 317.0764pt x 201.30568pt.


[11 <./Imagenes/recordatorio2.png>]
Underfull \hbox (badness 10000) in paragraph at lines 267--268

 []

<./Imagenes/UE1.png, id=403, 780.66656pt x 379.4175pt>
File: ./Imagenes/UE1.png Graphic file (type png)
<use ./Imagenes/UE1.png>
Package pdftex.def Info: ./Imagenes/UE1.png  used on input line 272.
(pdftex.def)             Requested size: 362.37598pt x 176.12047pt.

Underfull \hbox (badness 10000) in paragraph at lines 277--278

 []



[12 <./Imagenes/UE1.png>]
Underfull \hbox (badness 10000) in paragraph at lines 282--283

 []

<./Imagenes/UE2.png, id=414, 623.32875pt x 364.36125pt>
File: ./Imagenes/UE2.png Graphic file (type png)
<use ./Imagenes/UE2.png>
Package pdftex.def Info: ./Imagenes/UE2.png  used on input line 286.
(pdftex.def)             Requested size: 362.37598pt x 211.82448pt.


[13 <./Imagenes/UE2.png>]
Underfull \hbox (badness 10000) in paragraph at lines 295--296

 []


Underfull \hbox (badness 10000) in paragraph at lines 297--298

 []

<./Imagenes/FBm3.png, id=424, 264.99pt x 546.54187pt>
File: ./Imagenes/FBm3.png Graphic file (type png)
<use ./Imagenes/FBm3.png>
Package pdftex.def Info: ./Imagenes/FBm3.png  used on input line 301.
(pdftex.def)             Requested size: 158.54164pt x 326.99362pt.

Underfull \hbox (badness 10000) in paragraph at lines 308--309

 []



[14

 <./Imagenes/FBm3.png>]
Underfull \hbox (badness 10000) in paragraph at lines 313--314

 []

<./Imagenes/aliex.PNG, id=435, 519.44063pt x 723.45282pt>
File: ./Imagenes/aliex.PNG Graphic file (type png)
<use ./Imagenes/aliex.PNG>
Package pdftex.def Info: ./Imagenes/aliex.PNG  used on input line 319.
(pdftex.def)             Requested size: 226.48413pt x 315.42801pt.


[15 <./Imagenes/aliex.PNG>]
Underfull \hbox (badness 10000) in paragraph at lines 331--332

 []


Underfull \hbox (badness 10000) in paragraph at lines 333--334

 []


Underfull \hbox (badness 10000) in paragraph at lines 335--336

 []


Underfull \hbox (badness 10000) in paragraph at lines 337--338

 []


Underfull \hbox (badness 10000) in paragraph at lines 339--340

 []



[16]
Underfull \hbox (badness 10000) in paragraph at lines 346--347

 []


Underfull \hbox (badness 10000) in paragraph at lines 348--349

 []


Underfull \hbox (badness 10000) in paragraph at lines 350--351

 []


Underfull \hbox (badness 10000) in paragraph at lines 355--356

 []


Underfull \hbox (badness 10000) in paragraph at lines 357--358

 []


Underfull \hbox (badness 10000) in paragraph at lines 359--360

 []



[17]
Underfull \hbox (badness 10000) in paragraph at lines 367--368

 []


Underfull \hbox (badness 10000) in paragraph at lines 369--370

 []


Underfull \hbox (badness 10000) in paragraph at lines 371--372

 []


Underfull \hbox (badness 10000) in paragraph at lines 373--374

 []


Underfull \hbox (badness 10000) in paragraph at lines 375--376

 []


Underfull \hbox (badness 10000) in paragraph at lines 377--378

 []


Underfull \hbox (badness 10000) in paragraph at lines 379--380

 []


Underfull \hbox (badness 10000) in paragraph at lines 381--382

 []


Underfull \hbox (badness 10000) in paragraph at lines 385--386

 []



[18]
Underfull \hbox (badness 10000) in paragraph at lines 387--388

 []



[19]
Underfull \hbox (badness 10000) in paragraph at lines 393--394

 []


Underfull \hbox (badness 10000) in paragraph at lines 395--396

 []


Underfull \hbox (badness 10000) in paragraph at lines 397--398

 []


Underfull \hbox (badness 10000) in paragraph at lines 399--400

 []



[20]
Underfull \hbox (badness 10000) in paragraph at lines 402--403

 []


Underfull \hbox (badness 10000) in paragraph at lines 406--407

 []


Underfull \hbox (badness 10000) in paragraph at lines 408--409

 []


Underfull \hbox (badness 10000) in paragraph at lines 410--411

 []


Underfull \hbox (badness 10000) in paragraph at lines 412--413

 []


Underfull \hbox (badness 10000) in paragraph at lines 414--415

 []


Underfull \hbox (badness 10000) in paragraph at lines 416--417

 []


Underfull \hbox (badness 10000) in paragraph at lines 418--419

 []


Underfull \hbox (badness 10000) in paragraph at lines 420--421

 []


Underfull \hbox (badness 10000) in paragraph at lines 422--423

 []


Underfull \hbox (badness 10000) in paragraph at lines 424--425

 []


Underfull \hbox (badness 10000) in paragraph at lines 426--427

 []


Underfull \hbox (badness 10000) in paragraph at lines 429--430

 []


Underfull \hbox (badness 10000) in paragraph at lines 431--432

 []


Underfull \hbox (badness 10000) in paragraph at lines 433--434

 []


Underfull \hbox (badness 10000) in paragraph at lines 435--436

 []


Underfull \hbox (badness 10000) in paragraph at lines 437--438

 []



[21]
Underfull \hbox (badness 10000) in paragraph at lines 443--444

 []


Underfull \hbox (badness 10000) in paragraph at lines 445--446

 []


Underfull \hbox (badness 10000) in paragraph at lines 447--448

 []


Underfull \hbox (badness 10000) in paragraph at lines 449--450

 []


Underfull \hbox (badness 10000) in paragraph at lines 451--452

 []


Underfull \hbox (badness 10000) in paragraph at lines 453--454

 []


Underfull \hbox (badness 10000) in paragraph at lines 455--456

 []


Underfull \hbox (badness 10000) in paragraph at lines 457--458

 []


Underfull \hbox (badness 10000) in paragraph at lines 459--461

 []


Underfull \hbox (badness 10000) in paragraph at lines 462--463

 []


Underfull \hbox (badness 10000) in paragraph at lines 464--465

 []


Underfull \hbox (badness 10000) in paragraph at lines 466--467

 []


Underfull \hbox (badness 10000) in paragraph at lines 468--469

 []



[22]
<./Diagramas/Diagramagen.png, id=475, 2972.10374pt x 2021.5525pt>
File: ./Diagramas/Diagramagen.png Graphic file (type png)
<use ./Diagramas/Diagramagen.png>
Package pdftex.def Info: ./Diagramas/Diagramagen.png  used on input line 479.
(pdftex.def)             Requested size: 362.37598pt x 246.46248pt.

Underfull \hbox (badness 10000) in paragraph at lines 486--487

 []


Underfull \hbox (badness 10000) in paragraph at lines 488--489

 []


Underfull \hbox (badness 10000) in paragraph at lines 490--491

 []


Underfull \hbox (badness 10000) in paragraph at lines 492--493

 []


Underfull \hbox (badness 10000) in paragraph at lines 494--495

 []


Underfull \hbox (badness 10000) in paragraph at lines 496--497

 []



[23 <./Diagramas/Diagramagen.png>]
Underfull \hbox (badness 10000) in paragraph at lines 498--499

 []

<./Diagramas/Diagramasec1.png, id=482, 2796.4475pt x 1475.5125pt>
File: ./Diagramas/Diagramasec1.png Graphic file (type png)
<use ./Diagramas/Diagramasec1.png>
Package pdftex.def Info: ./Diagramas/Diagramasec1.png  used on input line 507.
(pdftex.def)             Requested size: 452.96826pt x 238.9912pt.

Underfull \hbox (badness 10000) in paragraph at lines 511--512

 []


Underfull \hbox (badness 10000) in paragraph at lines 513--514

 []


Underfull \hbox (badness 10000) in paragraph at lines 515--516

 []



[24 <./Diagramas/Diagramasec1.png>]
<./Diagramas/Diagramasec2.png, id=489, 1950.28625pt x 1165.35374pt>
File: ./Diagramas/Diagramasec2.png Graphic file (type png)
<use ./Diagramas/Diagramasec2.png>
Package pdftex.def Info: ./Diagramas/Diagramasec2.png  used on input line 523.
(pdftex.def)             Requested size: 452.96826pt x 270.65744pt.

Underfull \hbox (badness 10000) in paragraph at lines 528--529

 []


Underfull \hbox (badness 10000) in paragraph at lines 530--531

 []


Underfull \hbox (badness 10000) in paragraph at lines 532--533

 []



[25 <./Diagramas/Diagramasec2.png>]
<./Diagramas/ModeloConsep.png, id=497, 2333.71875pt x 3727.9275pt>
File: ./Diagramas/ModeloConsep.png Graphic file (type png)
<use ./Diagramas/ModeloConsep.png>
Package pdftex.def Info: ./Diagramas/ModeloConsep.png  used on input line 541.
(pdftex.def)             Requested size: 226.48413pt x 361.77919pt.

Underfull \hbox (badness 10000) in paragraph at lines 546--547

 []


Underfull \hbox (badness 10000) in paragraph at lines 548--549

 []


Underfull \hbox (badness 10000) in paragraph at lines 550--551

 []



[26 <./Diagramas/ModeloConsep.png>]
Underfull \hbox (badness 10000) in paragraph at lines 552--553

 []

<./Diagramas/DiagramaBD.png, id=505, 3737.965pt x 1628.0825pt>
File: ./Diagramas/DiagramaBD.png Graphic file (type png)
<use ./Diagramas/DiagramaBD.png>
Package pdftex.def Info: ./Diagramas/DiagramaBD.png  used on input line 557.
(pdftex.def)             Requested size: 452.96826pt x 197.27434pt.

Underfull \hbox (badness 10000) in paragraph at lines 562--563

 []


Underfull \hbox (badness 10000) in paragraph at lines 564--565

 []


Underfull \hbox (badness 10000) in paragraph at lines 566--567

 []



[27 <./Diagramas/DiagramaBD.png>]
Underfull \hbox (badness 10000) in paragraph at lines 579--580

 []



[28]
Underfull \hbox (badness 10000) in paragraph at lines 581--582

 []

Package hyperref Info: bookmark level for unknown lstlisting defaults to 0 on input line 585.
LaTeX Font Info:    Font shape `OT1/cmtt/bx/n' in size <10> not available
(Font)              Font shape `OT1/cmtt/m/n' tried instead on input line 587.

Underfull \hbox (badness 10000) in paragraph at lines 603--604

 []


Underfull \hbox (badness 10000) in paragraph at lines 605--606

 []


Underfull \hbox (badness 10000) in paragraph at lines 607--608

 []



[29]

[30]
Underfull \hbox (badness 10000) in paragraph at lines 659--660

 []


Underfull \hbox (badness 10000) in paragraph at lines 702--703

 []


Underfull \hbox (badness 10000) in paragraph at lines 706--707

 []



[31]
Underfull \hbox (badness 10000) in paragraph at lines 708--709

 []


Underfull \hbox (badness 10000) in paragraph at lines 726--727

 []


Underfull \hbox (badness 10000) in paragraph at lines 730--731

 []


Underfull \hbox (badness 10000) in paragraph at lines 752--753

 []



[32]
Underfull \hbox (badness 10000) in paragraph at lines 754--755

 []


Underfull \hbox (badness 10000) in paragraph at lines 756--757

 []


LaTeX Warning: Reference `fig:login2' on page 33 undefined on input line 758.


Underfull \hbox (badness 10000) in paragraph at lines 758--759

 []


Underfull \hbox (badness 10000) in paragraph at lines 760--761

 []



[33]
Underfull \hbox (badness 10000) in paragraph at lines 791--792

 []



[34]
Underfull \hbox (badness 10000) in paragraph at lines 823--824

 []


Underfull \hbox (badness 10000) in paragraph at lines 855--856

 []



[35]
Underfull \hbox (badness 10000) in paragraph at lines 879--880

 []



[36]
Underfull \hbox (badness 10000) in paragraph at lines 923--924

 []


Overfull \hbox (6.34148pt too wide) in paragraph at lines 925--926
[]\OT1/cmr/m/n/12 El bot de Dis-cord con-sul-ta pe-ri^^Sodi-ca-men-te es-ta ta-bla bus-can-do tic-kets don-de \OT1/cmtt/m/n/12 notificar
 []


Underfull \hbox (badness 10000) in paragraph at lines 925--926

 []



[37]
Underfull \hbox (badness 10000) in paragraph at lines 950--951

 []


Underfull \hbox (badness 10000) in paragraph at lines 956--957

 []



[38]

[39]

[40]

[41]
<./Imagenes/header1.png, id=926, 2209.25375pt x 295.1025pt>
File: ./Imagenes/header1.png Graphic file (type png)
<use ./Imagenes/header1.png>
Package pdftex.def Info: ./Imagenes/header1.png  used on input line 1123.
(pdftex.def)             Requested size: 452.96826pt x 60.5054pt.


[42 <./Imagenes/header1.png>]
<./Imagenes/header2.png, id=946, 2032.59375pt x 354.32375pt>
File: ./Imagenes/header2.png Graphic file (type png)
<use ./Imagenes/header2.png>
Package pdftex.def Info: ./Imagenes/header2.png  used on input line 1137.
(pdftex.def)             Requested size: 452.96826pt x 78.96248pt.
<./Imagenes/serverdiscord.png, id=948, 888.31876pt x 841.1425pt>
File: ./Imagenes/serverdiscord.png Graphic file (type png)
<use ./Imagenes/serverdiscord.png>
Package pdftex.def Info: ./Imagenes/serverdiscord.png  used on input line 1152.
(pdftex.def)             Requested size: 362.37598pt x 343.12512pt.


[43 <./Imagenes/header2.png>]
Underfull \hbox (badness 10000) in paragraph at lines 1156--1159

 []

<./Imagenes/autorizacion.png, id=958, 1260.71pt x 1656.1875pt>
File: ./Imagenes/autorizacion.png Graphic file (type png)
<use ./Imagenes/autorizacion.png>
Package pdftex.def Info: ./Imagenes/autorizacion.png  used on input line 1164.
(pdftex.def)             Requested size: 362.37598pt x 476.0365pt.


[44 <./Imagenes/serverdiscord.png>]
Underfull \hbox (badness 10000) in paragraph at lines 1168--1173

 []



[45 <./Imagenes/autorizacion.png>]
<./Imagenes/carrito_articulos.png, id=970, 2077.7625pt x 1127.21124pt>
File: ./Imagenes/carrito_articulos.png Graphic file (type png)
<use ./Imagenes/carrito_articulos.png>
Package pdftex.def Info: ./Imagenes/carrito_articulos.png  used on input line 1179.
(pdftex.def)             Requested size: 362.37598pt x 196.57692pt.

Underfull \hbox (badness 10000) in paragraph at lines 1184--1192

 []

<./Imagenes/carrito_vacio.png, id=972, 2032.59375pt x 1049.9225pt>
File: ./Imagenes/carrito_vacio.png Graphic file (type png)
<use ./Imagenes/carrito_vacio.png>
Package pdftex.def Info: ./Imagenes/carrito_vacio.png  used on input line 1197.
(pdftex.def)             Requested size: 362.37598pt x 187.1836pt.

Underfull \hbox (badness 10000) in paragraph at lines 1202--1206

 []



[46 <./Imagenes/carrito_articulos.png> <./Imagenes/carrito_vacio.png>]
<./Imagenes/interproductos.png, id=982, 2032.59375pt x 1225.57875pt>
File: ./Imagenes/interproductos.png Graphic file (type png)
<use ./Imagenes/interproductos.png>
Package pdftex.def Info: ./Imagenes/interproductos.png  used on input line 1211.
(pdftex.def)             Requested size: 362.37598pt x 218.50017pt.

Underfull \hbox (badness 10000) in paragraph at lines 1216--1226

 []



[47 <./Imagenes/interproductos.png>]
<./Imagenes/comandos.png, id=990, 356.0803pt x 122.70844pt>
File: ./Imagenes/comandos.png Graphic file (type png)
<use ./Imagenes/comandos.png>
Package pdftex.def Info: ./Imagenes/comandos.png  used on input line 1236.
(pdftex.def)             Requested size: 271.7837pt x 93.66193pt.
<./Imagenes/interbot.png, id=992, 2070.73625pt x 677.53125pt>
File: ./Imagenes/interbot.png Graphic file (type png)
<use ./Imagenes/interbot.png>
Package pdftex.def Info: ./Imagenes/interbot.png  used on input line 1247.
(pdftex.def)             Requested size: 362.37598pt x 118.5594pt.

Underfull \hbox (badness 10000) in paragraph at lines 1252--1261

 []

<./Imagenes/interdiscord.png, id=994, 2094.82625pt x 1202.4925pt>
File: ./Imagenes/interdiscord.png Graphic file (type png)
<use ./Imagenes/interdiscord.png>
Package pdftex.def Info: ./Imagenes/interdiscord.png  used on input line 1266.
(pdftex.def)             Requested size: 452.96826pt x 260.01707pt.


[48 <./Imagenes/comandos.png> <./Imagenes/interbot.png>]

[49 <./Imagenes/interdiscord.png>]
<./Imagenes/notificaciones.png, id=1011, 534.49687pt x 301.8778pt>
File: ./Imagenes/notificaciones.png Graphic file (type png)
<use ./Imagenes/notificaciones.png>
Package pdftex.def Info: ./Imagenes/notificaciones.png  used on input line 1280.
(pdftex.def)             Requested size: 271.7837pt x 153.50423pt.


[50 <./Imagenes/notificaciones.png>]
Underfull \hbox (badness 10000) in paragraph at lines 1291--1292

 []


Underfull \hbox (badness 10000) in paragraph at lines 1293--1294

 []


Underfull \hbox (badness 10000) in paragraph at lines 1295--1296

 []



[51]
Underfull \hbox (badness 2460) in paragraph at lines 1304--1305
[]\OT1/cmr/m/n/12 PayPal. Bien-ve-ni-do a Pay-Pal. Dis-po-ni-ble en: [][]$\OT1/cmtt/m/n/12 https : / / www . paypal . com / mx /
 []


Underfull \hbox (badness 7326) in paragraph at lines 1311--1312
[]\OT1/cmr/m/n/12 Mobile Mar-ke-ting As-so-cia-tion. "Mo-bi-le Mar-ke-ting Sta-tis-tics and Trends
 []



[52] (PT3.aux
LaTeX Info: Redefining \. on input line 11.
LaTeX Info: Redefining \% on input line 11.
)
 ***********
LaTeX2e <2025-06-01> patch level 1
L3 programming layer <2025-07-20>
 ***********


LaTeX Warning: There were undefined references.

Package rerunfilecheck Info: File `PT3.out' has not changed.
(rerunfilecheck)             Checksum: 5AF24BE031F2995617559F0EA34DB227;11168.
 ) 
Here is how much of TeX's memory you used:
 15176 strings out of 468134
 242149 string characters out of 5430741
 995981 words of memory out of 5000000
 43137 multiletter control sequences out of 15000+600000
 632327 words of font info for 59 fonts, out of 8000000 for 9000
 1141 hyphenation exceptions out of 8191
 75i,8n,79p,879b,1273s stack positions out of 10000i,1000n,20000p,200000b,200000s
 <C:\Users\ramir\AppData\Local\MiKTeX\fonts/pk/ljfour/jknappen/ec/dpi600\tctt1000.pk><C:/Users/ramir/AppData/Local/Programs/MiKTeX/fonts/type1/public/amsfonts/cm/cmbx12.pfb><C:/Users/ramir/AppData/Local/Programs/MiKTeX/fonts/type1/public/amsfonts/cm/cmr10.pfb><C:/Users/ramir/AppData/Local/Programs/MiKTeX/fonts/type1/public/amsfonts/cm/cmr12.pfb><C:/Users/ramir/AppData/Local/Programs/MiKTeX/fonts/type1/public/amsfonts/cm/cmr6.pfb><C:/Users/ramir/AppData/Local/Programs/MiKTeX/fonts/type1/public/amsfonts/cm/cmr7.pfb><C:/Users/ramir/AppData/Local/Programs/MiKTeX/fonts/type1/public/amsfonts/cm/cmr8.pfb><C:/Users/ramir/AppData/Local/Programs/MiKTeX/fonts/type1/public/amsfonts/cm/cmtt10.pfb><C:/Users/ramir/AppData/Local/Programs/MiKTeX/fonts/type1/public/amsfonts/cm/cmtt12.pfb>
Output written on PT3.pdf (52 pages, 4177635 bytes).
PDF statistics:
 1203 PDF objects out of 1440 (max. 8388607)
 514 named destinations out of 1000 (max. 500000)
 627 words of extra memory for PDF output out of 10000 (max. 10000000)

