\BOOKMARK [1][-]{section.1}{\376\377\000I\000n\000t\000r\000o\000d\000u\000c\000c\000i\000\363\000n}{}% 1
\BOOKMARK [2][-]{subsection.1.1}{\376\377\000P\000l\000a\000n\000t\000e\000a\000m\000i\000e\000n\000t\000o\000\040\000d\000e\000l\000\040\000P\000r\000o\000b\000l\000e\000m\000a}{section.1}% 2
\BOOKMARK [1][-]{section.2}{\376\377\000O\000b\000j\000e\000t\000i\000v\000o\000s}{}% 3
\BOOKMARK [2][-]{subsection.2.1}{\376\377\000O\000b\000j\000e\000t\000i\000v\000o\000\040\000G\000e\000n\000e\000r\000a\000l}{section.2}% 4
\BOOKMARK [2][-]{subsection.2.2}{\376\377\000O\000b\000j\000e\000t\000i\000v\000o\000s\000\040\000E\000s\000p\000e\000c\000\355\000f\000i\000c\000o\000s}{section.2}% 5
\BOOKMARK [1][-]{section.3}{\376\377\000E\000s\000t\000a\000d\000o\000\040\000d\000e\000l\000\040\000A\000r\000t\000e}{}% 6
\BOOKMARK [2][-]{subsection.3.1}{\376\377\000P\000a\000y\000P\000a\000l}{section.3}% 7
\BOOKMARK [2][-]{subsection.3.2}{\376\377\000M\000E\000E\0006\000\040\000B\000o\000t\000\040\000D\000i\000s\000c\000o\000r\000d}{section.3}% 8
\BOOKMARK [2][-]{subsection.3.3}{\376\377\000T\000i\000e\000n\000d\000a\000\040\000d\000e\000\040\000U\000n\000i\000f\000o\000r\000m\000e\000s\000\040\000E\000s\000c\000o\000l\000a\000r\000e\000s}{section.3}% 9
\BOOKMARK [2][-]{subsection.3.4}{\376\377\000F\000a\000c\000e\000b\000o\000o\000k\000\040\000M\000a\000r\000k\000e\000t\000p\000l\000a\000c\000e}{section.3}% 10
\BOOKMARK [2][-]{subsection.3.5}{\376\377\000A\000l\000i\000E\000x\000p\000r\000e\000s\000s}{section.3}% 11
\BOOKMARK [1][-]{section.4}{\376\377\000D\000e\000f\000i\000n\000i\000c\000i\000\363\000n\000\040\000G\000e\000n\000e\000r\000a\000l\000\040\000d\000e\000l\000\040\000s\000i\000s\000t\000e\000m\000a}{}% 12
\BOOKMARK [2][-]{subsection.4.1}{\376\377\000P\000r\000o\000p\000u\000e\000s\000t\000a}{section.4}% 13
\BOOKMARK [2][-]{subsection.4.2}{\376\377\000T\000e\000c\000n\000o\000l\000o\000g\000\355\000a\000s}{section.4}% 14
\BOOKMARK [3][-]{subsubsection.4.2.1}{\376\377\000P\000a\000y\000P\000a\000l}{subsection.4.2}% 15
\BOOKMARK [3][-]{subsubsection.4.2.2}{\376\377\000D\000i\000s\000c\000o\000r\000d}{subsection.4.2}% 16
\BOOKMARK [3][-]{subsubsection.4.2.3}{\376\377\000N\000o\000d\000e\000.\000j\000s}{subsection.4.2}% 17
\BOOKMARK [3][-]{subsubsection.4.2.4}{\376\377\000R\000e\000a\000c\000t}{subsection.4.2}% 18
\BOOKMARK [3][-]{subsubsection.4.2.5}{\376\377\000M\000y\000S\000Q\000L}{subsection.4.2}% 19
\BOOKMARK [2][-]{subsection.4.3}{\376\377\000R\000e\000q\000u\000e\000r\000i\000m\000i\000e\000n\000t\000o\000s\000\040\000F\000u\000n\000c\000i\000o\000n\000a\000l\000e\000s}{section.4}% 20
\BOOKMARK [3][-]{subsubsection.4.3.1}{\376\377\000P\000\341\000g\000i\000n\000a\000\040\000W\000e\000b}{subsection.4.3}% 21
\BOOKMARK [3][-]{subsubsection.4.3.2}{\376\377\000B\000o\000t\000\040\000D\000i\000s\000c\000o\000r\000d}{subsection.4.3}% 22
\BOOKMARK [2][-]{subsection.4.4}{\376\377\000R\000e\000q\000u\000e\000r\000i\000m\000i\000e\000n\000t\000o\000s\000\040\000n\000o\000\040\000F\000u\000n\000c\000i\000o\000n\000a\000l\000e\000s}{section.4}% 23
\BOOKMARK [3][-]{subsubsection.4.4.1}{\376\377\000P\000\341\000g\000i\000n\000a\000\040\000W\000e\000b}{subsection.4.4}% 24
\BOOKMARK [3][-]{subsubsection.4.4.2}{\376\377\000B\000o\000t\000\040\000D\000i\000s\000c\000o\000r\000d}{subsection.4.4}% 25
\BOOKMARK [1][-]{section.5}{\376\377\000D\000i\000s\000e\000\361\000o\000\040\000d\000e\000l\000\040\000S\000i\000s\000t\000e\000m\000a}{}% 26
\BOOKMARK [2][-]{subsection.5.1}{\376\377\000D\000i\000a\000g\000r\000a\000m\000a\000\040\000G\000e\000n\000e\000r\000a\000l}{section.5}% 27
\BOOKMARK [2][-]{subsection.5.2}{\376\377\000D\000i\000a\000g\000r\000a\000m\000a\000s\000\040\000d\000e\000\040\000S\000e\000c\000u\000e\000n\000c\000i\000a}{section.5}% 28
\BOOKMARK [3][-]{subsubsection.5.2.1}{\376\377\000D\000i\000a\000g\000r\000a\000m\000a\000s\000\040\000d\000e\000\040\000S\000e\000c\000u\000e\000n\000c\000i\000a\000\040\000d\000e\000\040\000A\000u\000t\000e\000n\000t\000i\000c\000a\000c\000i\000\363\000n\000\040\000y\000\040\000C\000o\000m\000p\000r\000a}{subsection.5.2}% 29
\BOOKMARK [3][-]{subsubsection.5.2.2}{\376\377\000D\000i\000a\000g\000r\000a\000m\000a\000s\000\040\000d\000e\000\040\000S\000e\000c\000u\000e\000n\000c\000i\000a\000\040\000d\000e\000\040\000N\000o\000t\000i\000f\000i\000c\000a\000c\000i\000\363\000n\000\040\000p\000o\000r\000\040\000B\000o\000t}{subsection.5.2}% 30
\BOOKMARK [2][-]{subsection.5.3}{\376\377\000D\000i\000a\000g\000r\000a\000m\000a\000\040\000d\000e\000\040\000l\000a\000\040\000B\000a\000s\000e\000\040\000d\000e\000\040\000D\000a\000t\000o\000s}{section.5}% 31
\BOOKMARK [3][-]{subsubsection.5.3.1}{\376\377\000M\000o\000d\000e\000l\000o\000\040\000C\000o\000n\000c\000e\000p\000t\000u\000a\000l\000\040\000d\000e\000\040\000l\000a\000\040\000B\000a\000s\000e\000\040\000d\000e\000\040\000D\000a\000t\000o\000s}{subsection.5.3}% 32
\BOOKMARK [3][-]{subsubsection.5.3.2}{\376\377\000M\000o\000d\000e\000l\000o\000\040\000L\000\363\000g\000i\000c\000o\000\040\000d\000e\000\040\000l\000a\000\040\000B\000a\000s\000e\000\040\000d\000e\000\040\000D\000a\000t\000o\000s}{subsection.5.3}% 33
\BOOKMARK [1][-]{section.6}{\376\377\000D\000e\000s\000a\000r\000r\000o\000l\000l\000o\000\040\000d\000e\000l\000\040\000s\000i\000s\000t\000e\000m\000a}{}% 34
\BOOKMARK [2][-]{subsection.6.1}{\376\377\000A\000P\000I\000s}{section.6}% 35
\BOOKMARK [3][-]{subsubsection.6.1.1}{\376\377\000A\000P\000I\000\040\000d\000e\000\040\000P\000a\000y\000P\000a\000l}{subsection.6.1}% 36
\BOOKMARK [3][-]{subsubsection.6.1.2}{\376\377\000A\000P\000I\000\040\000d\000e\000\040\000D\000i\000s\000c\000o\000r\000d\000\040\000O\000A\000u\000t\000h\0002}{subsection.6.1}% 37
\BOOKMARK [2][-]{subsection.6.2}{\376\377\000F\000o\000r\000m\000a\000\040\000F\000\355\000s\000i\000c\000a\000\040\000d\000e\000\040\000l\000a\000\040\000B\000a\000s\000e\000\040\000d\000e\000\040\000d\000a\000t\000o\000s}{section.6}% 38
\BOOKMARK [3][-]{subsubsection.6.2.1}{\376\377\000T\000a\000b\000l\000a\000\040\000t\000i\000c\000k\000e\000t}{subsection.6.2}% 39
\BOOKMARK [3][-]{subsubsection.6.2.2}{\376\377\000T\000a\000b\000l\000a\000\040\000a\000r\000t\000i\000c\000u\000l\000o\000s\000\137\000t\000i\000c\000k\000e\000t}{subsection.6.2}% 40
\BOOKMARK [2][-]{subsection.6.3}{\376\377\000F\000i\000l\000t\000r\000o\000\040\000d\000e\000\040\000p\000r\000o\000d\000u\000c\000t\000o\000s}{section.6}% 41
\BOOKMARK [3][-]{subsubsection.6.3.1}{\376\377\000A\000r\000q\000u\000i\000t\000e\000c\000t\000u\000r\000a\000\040\000d\000e\000l\000\040\000S\000i\000s\000t\000e\000m\000a\000\040\000d\000e\000\040\000F\000i\000l\000t\000r\000o\000s}{subsection.6.3}% 42
\BOOKMARK [3][-]{subsubsection.6.3.2}{\376\377\000F\000i\000l\000t\000r\000o\000\040\000p\000o\000r\000\040\000N\000o\000m\000b\000r\000e\000\040\000d\000e\000\040\000P\000r\000o\000d\000u\000c\000t\000o}{subsection.6.3}% 43
\BOOKMARK [3][-]{subsubsection.6.3.3}{\376\377\000F\000i\000l\000t\000r\000o\000s\000\040\000J\000e\000r\000\341\000r\000q\000u\000i\000c\000o\000s\000\040\000d\000e\000\040\000C\000a\000t\000e\000g\000o\000r\000\355\000a\000s}{subsection.6.3}% 44
\BOOKMARK [3][-]{subsubsection.6.3.4}{\376\377\000R\000e\000n\000d\000e\000r\000i\000z\000a\000d\000o\000\040\000O\000p\000t\000i\000m\000i\000z\000a\000d\000o\000\040\000c\000o\000n\000\040\000u\000s\000e\000E\000f\000f\000e\000c\000t}{subsection.6.3}% 45
\BOOKMARK [3][-]{subsubsection.6.3.5}{\376\377\000F\000u\000n\000c\000i\000\363\000n\000\040\000d\000e\000\040\000L\000i\000m\000p\000i\000e\000z\000a\000\040\000d\000e\000\040\000F\000i\000l\000t\000r\000o\000s}{subsection.6.3}% 46
\BOOKMARK [1][-]{section.7}{\376\377\000R\000e\000s\000u\000l\000t\000a\000d\000o\000s}{}% 47
\BOOKMARK [2][-]{subsection.7.1}{\376\377\000I\000n\000t\000e\000r\000f\000a\000c\000e\000s\000\040\000d\000e\000l\000\040\000P\000u\000n\000t\000o\000\040\000d\000e\000\040\000V\000e\000n\000t\000a}{section.7}% 48
\BOOKMARK [3][-]{subsubsection.7.1.1}{\376\377\000I\000n\000t\000e\000r\000f\000a\000z\000\040\000d\000e\000\040\000C\000a\000b\000e\000c\000e\000r\000a\000\040\000p\000a\000r\000a\000\040\000L\000o\000g\000i\000n}{subsection.7.1}% 49
\BOOKMARK [3][-]{subsubsection.7.1.2}{\376\377\000I\000n\000t\000e\000r\000f\000a\000z\000\040\000d\000e\000\040\000C\000a\000b\000e\000c\000e\000r\000a\000\040\000c\000o\000n\000\040\000U\000s\000u\000a\000r\000i\000o\000\040\000A\000u\000t\000e\000n\000t\000i\000c\000a\000d\000o}{subsection.7.1}% 50
\BOOKMARK [3][-]{subsubsection.7.1.3}{\376\377\000I\000n\000t\000e\000r\000f\000a\000z\000\040\000d\000e\000\040\000I\000n\000v\000i\000t\000a\000c\000i\000\363\000n\000\040\000a\000\040\000D\000i\000s\000c\000o\000r\000d}{subsection.7.1}% 51
\BOOKMARK [3][-]{subsubsection.7.1.4}{\376\377\000I\000n\000t\000e\000r\000f\000a\000z\000\040\000d\000e\000\040\000A\000u\000t\000e\000n\000t\000i\000c\000a\000c\000i\000\363\000n}{subsection.7.1}% 52
\BOOKMARK [3][-]{subsubsection.7.1.5}{\376\377\000I\000n\000t\000e\000r\000f\000a\000z\000\040\000d\000e\000l\000\040\000C\000a\000r\000r\000i\000t\000o\000\040\000c\000o\000n\000\040\000P\000r\000o\000d\000u\000c\000t\000o\000s}{subsection.7.1}% 53
\BOOKMARK [3][-]{subsubsection.7.1.6}{\376\377\000I\000n\000t\000e\000r\000f\000a\000z\000\040\000d\000e\000l\000\040\000C\000a\000r\000r\000i\000t\000o\000\040\000V\000a\000c\000\355\000o}{subsection.7.1}% 54
\BOOKMARK [3][-]{subsubsection.7.1.7}{\376\377\000I\000n\000t\000e\000r\000f\000a\000z\000\040\000d\000e\000\040\000b\000u\000s\000q\000u\000e\000d\000a\000\040\000d\000e\000\040\000P\000r\000o\000d\000u\000c\000t\000o\000s}{subsection.7.1}% 55
\BOOKMARK [2][-]{subsection.7.2}{\376\377\000I\000n\000t\000e\000r\000f\000a\000c\000e\000s\000\040\000d\000e\000l\000\040\000B\000o\000t\000\040\000d\000e\000\040\000D\000i\000s\000c\000o\000r\000d}{section.7}% 56
\BOOKMARK [3][-]{subsubsection.7.2.1}{\376\377\000C\000r\000e\000a\000c\000i\000\363\000n\000\040\000d\000e\000\040\000C\000o\000m\000a\000n\000d\000o\000s\000\040\000p\000a\000r\000a\000\040\000U\000s\000u\000a\000r\000i\000o\000s}{subsection.7.2}% 57
\BOOKMARK [3][-]{subsubsection.7.2.2}{\376\377\000C\000o\000m\000p\000r\000o\000b\000a\000c\000i\000\363\000n\000\040\000d\000e\000\040\000T\000i\000c\000k\000e\000t\000s\000\040\000P\000e\000n\000d\000i\000e\000n\000t\000e\000s}{subsection.7.2}% 58
\BOOKMARK [3][-]{subsubsection.7.2.3}{\376\377\000I\000n\000t\000e\000r\000f\000a\000z\000\040\000d\000e\000\040\000N\000o\000t\000i\000f\000i\000c\000a\000c\000i\000\363\000n\000\040\000v\000\355\000a\000\040\000D\000i\000s\000c\000o\000r\000d}{subsection.7.2}% 59
\BOOKMARK [3][-]{subsubsection.7.2.4}{\376\377\000E\000n\000v\000\355\000o\000\040\000d\000e\000\040\000N\000o\000t\000i\000f\000i\000c\000a\000c\000i\000o\000n\000e\000s\000\040\000p\000o\000r\000\040\000C\000a\000n\000a\000l\000e\000s\000\040\000P\000r\000i\000v\000a\000d\000o\000s}{subsection.7.2}% 60
\BOOKMARK [1][-]{section.8}{\376\377\000C\000o\000n\000c\000l\000u\000s\000i\000o\000n\000e\000s}{}% 61
\BOOKMARK [1][-]{section.9}{\376\377\000R\000e\000f\000e\000r\000e\000n\000c\000i\000a\000s}{}% 62
